<html>
<body>
<pre>
<h1>µVision Build Log</h1>
<h2>Project:</h2>
E:\FangCloudSync\Mini-103C8-¹¤¿Ø°å\Mini-103C8-¹¤¿Ø°å\WS2812B\STM103-WS2812B\Project\RVMDK£¨uv4£©\WS2812-STM32.uvprojx
Project File Date:  09/25/2018

<h2>Output:</h2>
Build target 'Template'
compiling main.c...
..\..\User\main.c(27): warning:  #177-D: variable "i" was declared but never referenced
          int i;
..\..\User\main.c: 1 warning, 0 errors
compiling WS2812B.c...
compiling sys.c...
compiling WS2811.c...
linking...
Program Size: Code=5580 RO-data=336 RW-data=112 ZI-data=3072  
FromELF: creating hex file...
"..\..\Output\Template.axf" - 0 Error(s), 1 Warning(s).
Load "..\\..\\Output\\Template.axf" 
Erase Done.
Programming Done.
Verify OK.
Application running ...
</pre>
</body>
</html>
\..\\Output\\Template.axf" 
Erase Done.
Programming Done.
Verify OK.
Application running ...

Programming Done.
Verify OK.
Application running ...
